masayukikuroda@kurodanoMacBook-Pro Desktop % mkdir git_challenge
masayukikuroda@kurodanoMacBook-Pro Desktop % cd git_challenge 
masayukikuroda@kurodanoMacBook-Pro git_challenge % git init
Initialized empty Git repository in /Users/masayukikuroda/Desktop/git_challenge/.git/
masayukikuroda@kurodanoMacBook-Pro git_challenge % git add hello_world.txt
masayukikuroda@kurodanoMacBook-Pro git_challenge % cat hello_world.txt 
masayukikuroda@kurodanoMacBook-Pro git_challenge % vi hello_world.txt 
masayukikuroda@kurodanoMacBook-Pro git_challenge % cat hello_world.txt 
Hello, world!
masayukikuroda@kurodanoMacBook-Pro git_challenge % git add .
masayukikuroda@kurodanoMacBook-Pro git_challenge % git commit -m "HelloWorld"
[main 3a7d7e4] HelloWorld
 1 file changed, 1 insertion(+)
masayukikuroda@kurodanoMacBook-Pro git_challenge % git status
On branch main
nothing to commit, working tree clean
masayukikuroda@kurodanoMacBook-Pro git_challenge % git diff
masayukikuroda@kurodanoMacBook-Pro git_challenge % git log
commit 3a7d7e4e82be0a24821ec39fd54028fb5baf21dd (HEAD -> main)
Author: MasayukiKurodaGit <rakko.management@gmail.com>
Date:   Tue Jun 10 21:55:41 2025 +0900

    HelloWorld

commit 47311cc5aa79e8b909c11a737c202f1b91487e06
Author: MasayukiKurodaGit <rakko.management@gmail.com>
Date:   Tue Jun 10 21:46:11 2025 +0900

    Hello world
masayukikuroda@kurodanoMacBook-Pro git_challenge % git log -n
error: -n requires an argument
masayukikuroda@kurodanoMacBook-Pro git_challenge % git log --oneline
3a7d7e4 (HEAD -> main) HelloWorld
47311cc Hello world
masayukikuroda@kurodanoMacBook-Pro git_challenge % vi hello_world.txt 
masayukikuroda@kurodanoMacBook-Pro git_challenge % cat hello_world.txt 
Hello, world!
こんにちは、世界！
masayukikuroda@kurodanoMacBook-Pro git_challenge % git add .
masayukikuroda@kurodanoMacBook-Pro git_challenge % git commit -m "こんにちは、世界"
[main 25c23e7] こんにちは、世界
 1 file changed, 1 insertion(+)
masayukikuroda@kurodanoMacBook-Pro git_challenge % git status
On branch main
nothing to commit, working tree clean
masayukikuroda@kurodanoMacBook-Pro git_challenge % git diff
masayukikuroda@kurodanoMacBook-Pro git_challenge % git diff --staged
masayukikuroda@kurodanoMacBook-Pro git_challenge % git diff hello_world.txt 
masayukikuroda@kurodanoMacBook-Pro git_challenge % git log
commit 25c23e7d07c5608066abd73bbd6eda20b05c8dea (HEAD -> main)
Author: MasayukiKurodaGit <rakko.management@gmail.com>
Date:   Tue Jun 10 21:59:02 2025 +0900

    こんにちは、世界

commit 3a7d7e4e82be0a24821ec39fd54028fb5baf21dd
Author: MasayukiKurodaGit <rakko.management@gmail.com>
Date:   Tue Jun 10 21:55:41 2025 +0900

    HelloWorld

commit 47311cc5aa79e8b909c11a737c202f1b91487e06
Author: MasayukiKurodaGit <rakko.management@gmail.com>
Date:   Tue Jun 10 21:46:11 2025 +0900

    Hello world
masayukikuroda@kurodanoMacBook-Pro git_challenge %  
masayukikuroda@kurodanoMacBook-Pro git_challenge % 
masayukikuroda@kurodanoMacBook-Pro git_challenge % ls
hello_world.txt
masayukikuroda@kurodanoMacBook-Pro git_challenge % git log --oneline
25c23e7 (HEAD -> main) こんにちは、世界
3a7d7e4 HelloWorld
47311cc Hello world